$ pnpm run build && pnpm run prepare:vercel
$ pnpm -r run build
Scope: 3 of 4 workspace projects
$ tsc -p tsconfig.json
$ tsc -p tsconfig.json
$ node ../../scripts/third-party-notices.mjs && next build
Prepared 99 distinct license/notice texts for the static studio.
▲ Next.js 16.3.4 (Turbopack)
✓ Running next.config.ts took 15ms

  Creating an optimized production build ...
✓ Compiled successfully in 128ms
  Running TypeScript ...
  Finished TypeScript in 796ms ...
  Collecting page data using 6 workers ...
  Generating static pages using 6 workers (0/5) ...
  Generating static pages using 6 workers (1/5)
  Generating static pages using 6 workers (2/5)
  Generating static pages using 6 workers (3/5)
✓ Generating static pages using 6 workers (5/5) in 352ms
  Finalizing page optimization ...

Route (app)
┌ ○ /
├ ○ /_not-found
├ ○ /docs
└ ○ /studio


○  (Static)  prerendered as static content

$ node scripts/prepare-vercel.mjs
Prepared 48 static files for Vercel; 5 hashed inline scripts, 480 CSP bytes. No deployment performed.
Previous candidate retained at /home/servrox/dev/console-fx/.worktrees/console-fx-workbench-20260914/.vercel/.console-fx-preparation-aPJ7Ve
